1778281437.344116 client started (593): version 3.4, socket /tmp/tmux-1000/default, protocol 8
1778281437.344484 on Linux 6.6.87.2-microsoft-standard-WSL2 #1 SMP PREEMPT_DYNAMIC Thu Jun  5 18:30:46 UTC 2025
1778281437.344643 using libevent 2.1.12-stable poll
1778281437.344793 using ncurses 6.4 20240113
1778281437.344953 flags are 0x18010000
1778281437.345107 socket is /tmp/tmux-1000/default
1778281437.345257 trying connect
1778281437.345417 connect failed: No such file or directory
1778281437.345554 lock file is /tmp/tmux-1000/default.lock
1778281437.345715 flock succeeded
1778281437.345845 got lock (6)
1778281437.346116 trying connect
1778281437.346252 connect failed: No such file or directory
1778281437.346746 add peer 0x60a7f59d6000: 7 ((nil))
1778281437.347464 sending message 100 to peer 0x60a7f59d6000 (4 bytes)
1778281437.347604 sending message 111 to peer 0x60a7f59d6000 (8 bytes)
1778281437.347737 sending message 101 to peer 0x60a7f59d6000 (15 bytes)
1778281437.347888 sending message 109 to peer 0x60a7f59d6000 (4 bytes)
1778281437.348019 sending message 102 to peer 0x60a7f59d6000 (11 bytes)
1778281437.348153 sending message 108 to peer 0x60a7f59d6000 (40 bytes)
1778281437.348290 sending message 112 to peer 0x60a7f59d6000 (58 bytes)
1778281437.348414 sending message 112 to peer 0x60a7f59d6000 (5 bytes)
1778281437.348545 sending message 112 to peer 0x60a7f59d6000 (5 bytes)
1778281437.348659 sending message 112 to peer 0x60a7f59d6000 (6 bytes)
1778281437.348789 sending message 112 to peer 0x60a7f59d6000 (6 bytes)
1778281437.348899 sending message 112 to peer 0x60a7f59d6000 (11 bytes)
1778281437.349049 sending message 112 to peer 0x60a7f59d6000 (10 bytes)
1778281437.349176 sending message 112 to peer 0x60a7f59d6000 (13 bytes)
1778281437.349295 sending message 112 to peer 0x60a7f59d6000 (14 bytes)
1778281437.349408 sending message 112 to peer 0x60a7f59d6000 (19 bytes)
1778281437.349554 sending message 112 to peer 0x60a7f59d6000 (11 bytes)
1778281437.349670 sending message 112 to peer 0x60a7f59d6000 (10 bytes)
1778281437.349768 sending message 112 to peer 0x60a7f59d6000 (15 bytes)
1778281437.349891 sending message 112 to peer 0x60a7f59d6000 (21 bytes)
1778281437.350001 sending message 112 to peer 0x60a7f59d6000 (13 bytes)
1778281437.350108 sending message 112 to peer 0x60a7f59d6000 (7 bytes)
1778281437.350214 sending message 112 to peer 0x60a7f59d6000 (13 bytes)
1778281437.350321 sending message 112 to peer 0x60a7f59d6000 (7 bytes)
1778281437.350443 sending message 112 to peer 0x60a7f59d6000 (13 bytes)
1778281437.350560 sending message 112 to peer 0x60a7f59d6000 (9 bytes)
1778281437.350668 sending message 112 to peer 0x60a7f59d6000 (21 bytes)
1778281437.350776 sending message 112 to peer 0x60a7f59d6000 (13 bytes)
1778281437.350883 sending message 112 to peer 0x60a7f59d6000 (9 bytes)
1778281437.350989 sending message 112 to peer 0x60a7f59d6000 (16 bytes)
1778281437.351101 sending message 112 to peer 0x60a7f59d6000 (13 bytes)
1778281437.351219 sending message 112 to peer 0x60a7f59d6000 (9 bytes)
1778281437.351320 sending message 112 to peer 0x60a7f59d6000 (9 bytes)
1778281437.351426 sending message 112 to peer 0x60a7f59d6000 (12 bytes)
1778281437.351536 sending message 112 to peer 0x60a7f59d6000 (8 bytes)
1778281437.351648 sending message 112 to peer 0x60a7f59d6000 (8 bytes)
1778281437.351760 sending message 112 to peer 0x60a7f59d6000 (13 bytes)
1778281437.351865 sending message 112 to peer 0x60a7f59d6000 (7 bytes)
1778281437.351972 sending message 112 to peer 0x60a7f59d6000 (7 bytes)
1778281437.352078 sending message 112 to peer 0x60a7f59d6000 (9 bytes)
1778281437.352184 sending message 112 to peer 0x60a7f59d6000 (9 bytes)
1778281437.352289 sending message 112 to peer 0x60a7f59d6000 (15 bytes)
1778281437.352394 sending message 112 to peer 0x60a7f59d6000 (13 bytes)
1778281437.352502 sending message 112 to peer 0x60a7f59d6000 (12 bytes)
1778281437.352612 sending message 112 to peer 0x60a7f59d6000 (8 bytes)
1778281437.352719 sending message 112 to peer 0x60a7f59d6000 (14 bytes)
1778281437.352825 sending message 112 to peer 0x60a7f59d6000 (11 bytes)
1778281437.352950 sending message 112 to peer 0x60a7f59d6000 (9 bytes)
1778281437.353064 sending message 112 to peer 0x60a7f59d6000 (10 bytes)
1778281437.353165 sending message 112 to peer 0x60a7f59d6000 (10 bytes)
1778281437.353271 sending message 112 to peer 0x60a7f59d6000 (10 bytes)
1778281437.353378 sending message 112 to peer 0x60a7f59d6000 (10 bytes)
1778281437.353483 sending message 112 to peer 0x60a7f59d6000 (11 bytes)
1778281437.353588 sending message 112 to peer 0x60a7f59d6000 (12 bytes)
1778281437.353694 sending message 112 to peer 0x60a7f59d6000 (12 bytes)
1778281437.353832 sending message 112 to peer 0x60a7f59d6000 (12 bytes)
1778281437.353999 sending message 112 to peer 0x60a7f59d6000 (12 bytes)
1778281437.354155 sending message 112 to peer 0x60a7f59d6000 (12 bytes)
1778281437.354351 sending message 112 to peer 0x60a7f59d6000 (11 bytes)
1778281437.354479 sending message 112 to peer 0x60a7f59d6000 (11 bytes)
1778281437.354609 sending message 112 to peer 0x60a7f59d6000 (12 bytes)
1778281437.354744 sending message 112 to peer 0x60a7f59d6000 (12 bytes)
1778281437.354849 sending message 112 to peer 0x60a7f59d6000 (12 bytes)
1778281437.354960 sending message 112 to peer 0x60a7f59d6000 (12 bytes)
1778281437.355103 sending message 112 to peer 0x60a7f59d6000 (12 bytes)
1778281437.355227 sending message 112 to peer 0x60a7f59d6000 (9 bytes)
1778281437.355331 sending message 112 to peer 0x60a7f59d6000 (12 bytes)
1778281437.355437 sending message 112 to peer 0x60a7f59d6000 (13 bytes)
1778281437.355546 sending message 112 to peer 0x60a7f59d6000 (13 bytes)
1778281437.355650 sending message 112 to peer 0x60a7f59d6000 (13 bytes)
1778281437.355756 sending message 112 to peer 0x60a7f59d6000 (13 bytes)
1778281437.355874 sending message 112 to peer 0x60a7f59d6000 (13 bytes)
1778281437.355988 sending message 112 to peer 0x60a7f59d6000 (8 bytes)
1778281437.356115 sending message 112 to peer 0x60a7f59d6000 (11 bytes)
1778281437.356225 sending message 112 to peer 0x60a7f59d6000 (11 bytes)
1778281437.356337 sending message 112 to peer 0x60a7f59d6000 (11 bytes)
1778281437.356439 sending message 112 to peer 0x60a7f59d6000 (12 bytes)
1778281437.356545 sending message 112 to peer 0x60a7f59d6000 (12 bytes)
1778281437.356648 sending message 112 to peer 0x60a7f59d6000 (12 bytes)
1778281437.356755 sending message 112 to peer 0x60a7f59d6000 (12 bytes)
1778281437.356865 sending message 112 to peer 0x60a7f59d6000 (13 bytes)
1778281437.356990 sending message 112 to peer 0x60a7f59d6000 (13 bytes)
1778281437.357118 sending message 112 to peer 0x60a7f59d6000 (13 bytes)
1778281437.357256 sending message 112 to peer 0x60a7f59d6000 (8 bytes)
1778281437.357364 sending message 112 to peer 0x60a7f59d6000 (13 bytes)
1778281437.357470 sending message 112 to peer 0x60a7f59d6000 (13 bytes)
1778281437.357577 sending message 112 to peer 0x60a7f59d6000 (13 bytes)
1778281437.357684 sending message 112 to peer 0x60a7f59d6000 (13 bytes)
1778281437.357785 sending message 112 to peer 0x60a7f59d6000 (13 bytes)
1778281437.357891 sending message 112 to peer 0x60a7f59d6000 (12 bytes)
1778281437.358007 sending message 112 to peer 0x60a7f59d6000 (12 bytes)
1778281437.358127 sending message 112 to peer 0x60a7f59d6000 (12 bytes)
1778281437.358235 sending message 112 to peer 0x60a7f59d6000 (12 bytes)
1778281437.358340 sending message 112 to peer 0x60a7f59d6000 (13 bytes)
1778281437.358448 sending message 112 to peer 0x60a7f59d6000 (8 bytes)
1778281437.358551 sending message 112 to peer 0x60a7f59d6000 (13 bytes)
1778281437.358658 sending message 112 to peer 0x60a7f59d6000 (13 bytes)
1778281437.358766 sending message 112 to peer 0x60a7f59d6000 (13 bytes)
1778281437.358868 sending message 112 to peer 0x60a7f59d6000 (13 bytes)
1778281437.358978 sending message 112 to peer 0x60a7f59d6000 (13 bytes)
1778281437.359100 sending message 112 to peer 0x60a7f59d6000 (13 bytes)
1778281437.359207 sending message 112 to peer 0x60a7f59d6000 (13 bytes)
1778281437.359313 sending message 112 to peer 0x60a7f59d6000 (12 bytes)
1778281437.359423 sending message 112 to peer 0x60a7f59d6000 (12 bytes)
1778281437.359553 sending message 112 to peer 0x60a7f59d6000 (12 bytes)
1778281437.359662 sending message 112 to peer 0x60a7f59d6000 (8 bytes)
1778281437.359770 sending message 112 to peer 0x60a7f59d6000 (12 bytes)
1778281437.359877 sending message 112 to peer 0x60a7f59d6000 (13 bytes)
1778281437.359982 sending message 112 to peer 0x60a7f59d6000 (13 bytes)
1778281437.360089 sending message 112 to peer 0x60a7f59d6000 (13 bytes)
1778281437.360195 sending message 112 to peer 0x60a7f59d6000 (13 bytes)
1778281437.360303 sending message 112 to peer 0x60a7f59d6000 (13 bytes)
1778281437.360411 sending message 112 to peer 0x60a7f59d6000 (13 bytes)
1778281437.360517 sending message 112 to peer 0x60a7f59d6000 (13 bytes)
1778281437.360624 sending message 112 to peer 0x60a7f59d6000 (13 bytes)
1778281437.360746 sending message 112 to peer 0x60a7f59d6000 (12 bytes)
1778281437.360881 sending message 112 to peer 0x60a7f59d6000 (10 bytes)
1778281437.361011 sending message 112 to peer 0x60a7f59d6000 (12 bytes)
1778281437.361133 sending message 112 to peer 0x60a7f59d6000 (12 bytes)
1778281437.361241 sending message 112 to peer 0x60a7f59d6000 (12 bytes)
1778281437.361353 sending message 112 to peer 0x60a7f59d6000 (13 bytes)
1778281437.361461 sending message 112 to peer 0x60a7f59d6000 (13 bytes)
1778281437.361565 sending message 112 to peer 0x60a7f59d6000 (13 bytes)
1778281437.361668 sending message 112 to peer 0x60a7f59d6000 (13 bytes)
1778281437.361773 sending message 112 to peer 0x60a7f59d6000 (13 bytes)
1778281437.361879 sending message 112 to peer 0x60a7f59d6000 (13 bytes)
1778281437.361993 sending message 112 to peer 0x60a7f59d6000 (13 bytes)
1778281437.362125 sending message 112 to peer 0x60a7f59d6000 (10 bytes)
1778281437.362248 sending message 112 to peer 0x60a7f59d6000 (13 bytes)
1778281437.362357 sending message 112 to peer 0x60a7f59d6000 (12 bytes)
1778281437.362485 sending message 112 to peer 0x60a7f59d6000 (12 bytes)
1778281437.362594 sending message 112 to peer 0x60a7f59d6000 (12 bytes)
1778281437.362697 sending message 112 to peer 0x60a7f59d6000 (10 bytes)
1778281437.362799 sending message 112 to peer 0x60a7f59d6000 (10 bytes)
1778281437.362905 sending message 112 to peer 0x60a7f59d6000 (10 bytes)
1778281437.363045 sending message 112 to peer 0x60a7f59d6000 (12 bytes)
1778281437.363293 sending message 112 to peer 0x60a7f59d6000 (13 bytes)
1778281437.363451 sending message 112 to peer 0x60a7f59d6000 (13 bytes)
1778281437.363609 sending message 112 to peer 0x60a7f59d6000 (13 bytes)
1778281437.363760 sending message 112 to peer 0x60a7f59d6000 (13 bytes)
1778281437.363891 sending message 112 to peer 0x60a7f59d6000 (13 bytes)
1778281437.364028 sending message 112 to peer 0x60a7f59d6000 (10 bytes)
1778281437.364171 sending message 112 to peer 0x60a7f59d6000 (11 bytes)
1778281437.364320 sending message 112 to peer 0x60a7f59d6000 (12 bytes)
1778281437.364455 sending message 112 to peer 0x60a7f59d6000 (12 bytes)
1778281437.364588 sending message 112 to peer 0x60a7f59d6000 (12 bytes)
1778281437.364720 sending message 112 to peer 0x60a7f59d6000 (12 bytes)
1778281437.364842 sending message 112 to peer 0x60a7f59d6000 (12 bytes)
1778281437.364985 sending message 112 to peer 0x60a7f59d6000 (11 bytes)
1778281437.365104 sending message 112 to peer 0x60a7f59d6000 (12 bytes)
1778281437.365221 sending message 112 to peer 0x60a7f59d6000 (12 bytes)
1778281437.365328 sending message 112 to peer 0x60a7f59d6000 (13 bytes)
1778281437.365432 sending message 112 to peer 0x60a7f59d6000 (13 bytes)
1778281437.365538 sending message 112 to peer 0x60a7f59d6000 (13 bytes)
1778281437.365646 sending message 112 to peer 0x60a7f59d6000 (13 bytes)
1778281437.365753 sending message 112 to peer 0x60a7f59d6000 (13 bytes)
1778281437.365867 sending message 112 to peer 0x60a7f59d6000 (10 bytes)
1778281437.366015 sending message 112 to peer 0x60a7f59d6000 (9 bytes)
1778281437.366152 sending message 112 to peer 0x60a7f59d6000 (12 bytes)
1778281437.366264 sending message 112 to peer 0x60a7f59d6000 (13 bytes)
1778281437.366389 sending message 112 to peer 0x60a7f59d6000 (13 bytes)
1778281437.366507 sending message 112 to peer 0x60a7f59d6000 (13 bytes)
1778281437.366616 sending message 112 to peer 0x60a7f59d6000 (13 bytes)
1778281437.366719 sending message 112 to peer 0x60a7f59d6000 (13 bytes)
1778281437.366835 sending message 112 to peer 0x60a7f59d6000 (9 bytes)
1778281437.366972 sending message 112 to peer 0x60a7f59d6000 (12 bytes)
1778281437.367102 sending message 112 to peer 0x60a7f59d6000 (13 bytes)
1778281437.367222 sending message 112 to peer 0x60a7f59d6000 (13 bytes)
1778281437.367336 sending message 112 to peer 0x60a7f59d6000 (13 bytes)
1778281437.367457 sending message 112 to peer 0x60a7f59d6000 (13 bytes)
1778281437.367574 sending message 112 to peer 0x60a7f59d6000 (13 bytes)
1778281437.367703 sending message 112 to peer 0x60a7f59d6000 (11 bytes)
1778281437.367866 sending message 112 to peer 0x60a7f59d6000 (12 bytes)
1778281437.368006 sending message 112 to peer 0x60a7f59d6000 (13 bytes)
1778281437.368154 sending message 112 to peer 0x60a7f59d6000 (13 bytes)
1778281437.368287 sending message 112 to peer 0x60a7f59d6000 (13 bytes)
1778281437.368409 sending message 112 to peer 0x60a7f59d6000 (13 bytes)
1778281437.368545 sending message 112 to peer 0x60a7f59d6000 (13 bytes)
1778281437.368677 sending message 112 to peer 0x60a7f59d6000 (11 bytes)
1778281437.368810 sending message 112 to peer 0x60a7f59d6000 (12 bytes)
1778281437.368948 sending message 112 to peer 0x60a7f59d6000 (12 bytes)
1778281437.369093 sending message 112 to peer 0x60a7f59d6000 (12 bytes)
1778281437.369225 sending message 112 to peer 0x60a7f59d6000 (12 bytes)
1778281437.369349 sending message 112 to peer 0x60a7f59d6000 (12 bytes)
1778281437.369473 sending message 112 to peer 0x60a7f59d6000 (21 bytes)
1778281437.369635 sending message 112 to peer 0x60a7f59d6000 (12 bytes)
1778281437.369761 sending message 112 to peer 0x60a7f59d6000 (9 bytes)
1778281437.369883 sending message 112 to peer 0x60a7f59d6000 (6 bytes)
1778281437.370007 sending message 112 to peer 0x60a7f59d6000 (13 bytes)
1778281437.370128 sending message 112 to peer 0x60a7f59d6000 (10 bytes)
1778281437.370247 sending message 112 to peer 0x60a7f59d6000 (24 bytes)
1778281437.370368 sending message 112 to peer 0x60a7f59d6000 (13 bytes)
1778281437.370488 sending message 112 to peer 0x60a7f59d6000 (9 bytes)
1778281437.370607 sending message 112 to peer 0x60a7f59d6000 (70 bytes)
1778281437.370727 sending message 112 to peer 0x60a7f59d6000 (69 bytes)
1778281437.370846 sending message 112 to peer 0x60a7f59d6000 (12 bytes)
1778281437.370966 sending message 112 to peer 0x60a7f59d6000 (10 bytes)
1778281437.371101 sending message 112 to peer 0x60a7f59d6000 (10 bytes)
1778281437.371239 sending message 112 to peer 0x60a7f59d6000 (24 bytes)
1778281437.371360 sending message 112 to peer 0x60a7f59d6000 (13 bytes)
1778281437.371477 sending message 112 to peer 0x60a7f59d6000 (10 bytes)
1778281437.371591 sending message 112 to peer 0x60a7f59d6000 (10 bytes)
1778281437.371708 sending message 112 to peer 0x60a7f59d6000 (10 bytes)
1778281437.371825 sending message 112 to peer 0x60a7f59d6000 (13 bytes)
1778281437.371941 sending message 112 to peer 0x60a7f59d6000 (15 bytes)
1778281437.372071 sending message 112 to peer 0x60a7f59d6000 (5 bytes)
1778281437.372186 sending message 104 to peer 0x60a7f59d6000 (0 bytes)
1778281437.372303 sending message 110 to peer 0x60a7f59d6000 (0 bytes)
1778281437.372422 sending message 107 to peer 0x60a7f59d6000 (4 bytes)
1778281437.372538 sending message 105 to peer 0x60a7f59d6000 (19 bytes)
1778281437.372654 sending message 105 to peer 0x60a7f59d6000 (24 bytes)
1778281437.372767 sending message 105 to peer 0x60a7f59d6000 (29 bytes)
1778281437.372872 sending message 105 to peer 0x60a7f59d6000 (48 bytes)
1778281437.373050 sending message 105 to peer 0x60a7f59d6000 (19 bytes)
1778281437.373164 sending message 105 to peer 0x60a7f59d6000 (44 bytes)
1778281437.373281 sending message 105 to peer 0x60a7f59d6000 (14 bytes)
1778281437.373387 sending message 105 to peer 0x60a7f59d6000 (17 bytes)
1778281437.373492 sending message 105 to peer 0x60a7f59d6000 (17 bytes)
1778281437.373621 sending message 105 to peer 0x60a7f59d6000 (33 bytes)
1778281437.373730 sending message 105 to peer 0x60a7f59d6000 (26 bytes)
1778281437.373837 sending message 105 to peer 0x60a7f59d6000 (20 bytes)
1778281437.373946 sending message 105 to peer 0x60a7f59d6000 (11 bytes)
1778281437.374054 sending message 105 to peer 0x60a7f59d6000 (11 bytes)
1778281437.374161 sending message 105 to peer 0x60a7f59d6000 (8 bytes)
1778281437.374264 sending message 105 to peer 0x60a7f59d6000 (26 bytes)
1778281437.374371 sending message 105 to peer 0x60a7f59d6000 (32 bytes)
1778281437.374478 sending message 105 to peer 0x60a7f59d6000 (43 bytes)
1778281437.374581 sending message 105 to peer 0x60a7f59d6000 (2686 bytes)
1778281437.374737 sending message 105 to peer 0x60a7f59d6000 (54 bytes)
1778281437.374860 sending message 105 to peer 0x60a7f59d6000 (16 bytes)
1778281437.374980 sending message 105 to peer 0x60a7f59d6000 (40 bytes)
1778281437.375105 sending message 105 to peer 0x60a7f59d6000 (53 bytes)
1778281437.375249 sending message 105 to peer 0x60a7f59d6000 (16 bytes)
1778281437.375356 sending message 106 to peer 0x60a7f59d6000 (0 bytes)
1778281437.375508 cmd_pack_argv: argv[0]=new
1778281437.375597 cmd_pack_argv: argv[1]=-s
1778281437.375712 cmd_pack_argv: argv[2]=debug
1778281437.375815 sending message 200 to peer 0x60a7f59d6000 (17 bytes)
1778281437.375922 client loop enter
1778281437.376059 client_signal: Child exited
1778281439.443079 peer 0x60a7f59d6000 message 207
1778281439.443232 sending message 208 to peer 0x60a7f59d6000 (0 bytes)
1778281484.000449 peer 0x60a7f59d6000 message 203
1778281484.000576 sending message 205 to peer 0x60a7f59d6000 (0 bytes)
1778281484.001559 peer 0x60a7f59d6000 message 204
1778281484.001677 client loop exit
